>>> add_integer = __import__('0-add_integer').add_integer

>>> add_integer (1)
99

>>> add_integer (3.5, -1)
2

>>> add_integer ("Holla", -1)
Traceback (most recent call last):
...
TypeError: a must be an integer

>>> add_integer(3, "bye")
Traceback (most recent call last):
...
TypeError: b must be an integer

>>> add_integer (-3, 4)
1

>>> add_integer (3, -1)
2

>>> add_integer (0, 0)
0

>>> add_integer (999999, 1)
1000000

>>> add_integer (1, 1.5)
2

>>> add_integer (1.5, 1.5)
2

>>> add_integer(1, [2])
Traceback (most recent call last):
...
TypeError: b must be an integer

>>> add_integer(10, "String")
Traceback (most recent call last):
...
TypeError: b must be an integer


>>> add_integer([2], 2)
Traceback (most recent call last):
...
TypeError: a must be an integer
